Ôû▓ Next.js 16.2.0 (Turbopack)
- Environments: .env.local

node.exe : ÔÜá The 
"middleware" file 
convention is deprecated. 
Please use "proxy" 
instead. Learn more: https:
//nextjs.org/docs/messages/
middleware-to-proxy
At line:1 char:1
+ & "C:\Program 
Files\nodejs/node.exe" "C:\
Users\sarde\AppData\Roaming
\ ...
+ ~~~~~~~~~~~~~~~~~~~~~~~~~
~~~~~~~~~~~~~~~~~~~~~~~~~~~
~~~~~~~~~~~~~~~~~
    + CategoryInfo         
     : NotSpecified: (ÔÜá  
   The "middle...leware-   
 to-proxy:String) [], R    
emoteException
    + FullyQualifiedErrorI 
   d : NativeCommandError
 
  Creating an optimized production build ...

> Build error occurred
Error: Turbopack build 
failed with 3 errors:
./node_modules/mysql2/lib/b
ase/connection.js:18:13
Module not found: Can't 
resolve 'net'
  [90m16 |[0m [32m'use 
strict'[0m;
  [90m17 |[0m
[31m[1m>[0m [90m18 
|[0m [36mconst[0m 
[33mNet[0m = 
require([32m'net'[0m);
  [90m   |[0m            
 
[31m[1m^^^^^^^^^^^^^^[0m
  [90m19 |[0m 
[36mconst[0m 
[33mTls[0m = 
require([32m'tls'[0m);
  [90m20 |[0m 
[36mconst[0m 
[33mTimers[0m = 
require([32m'timers'[0m);
  [90m21 |[0m 
[36mconst[0m 
[33mEventEmitter[0m = req
uire([32m'events'[0m).[3
3mEventEmitter[0m;



Import traces:
  App Route:
    ./node_modules/mysql2/l
ib/base/connection.js
    ./node_modules/mysql2/l
ib/base/pool.js
    ./node_modules/mysql2/l
ib/promise/pool.js
    ./node_modules/mysql2/p
romise.js
    ./src/lib/db.ts
    ./src/app/api/admin/sit
e-settings/route.ts

  Server Component:
    ./node_modules/mysql2/l
ib/base/connection.js
    ./node_modules/mysql2/l
ib/base/pool.js
    ./node_modules/mysql2/l
ib/promise/pool.js
    ./node_modules/mysql2/p
romise.js
    ./src/lib/db.ts
    ./src/lib/site-settings
-server.ts
    ./src/app/layout.tsx

  Client Component Browser:
    ./node_modules/mysql2/l
ib/base/connection.js 
[Client Component Browser]
    ./node_modules/mysql2/l
ib/base/pool.js [Client 
Component Browser]
    ./node_modules/mysql2/l
ib/promise/pool.js [Client 
Component Browser]
    ./node_modules/mysql2/p
romise.js [Client 
Component Browser]
    ./src/lib/db.ts 
[Client Component Browser]
    
./src/lib/components.ts 
[Client Component Browser]
    ./src/components/WhyCho
oseUs.tsx [Client 
Component Browser]
    ./src/app/oil-boilers/p
age.tsx [Client Component 
Browser]
    ./src/app/oil-boilers/p
age.tsx [Server Component]

  Client Component SSR:
    ./node_modules/mysql2/l
ib/base/connection.js 
[Client Component SSR]
    ./node_modules/mysql2/l
ib/base/pool.js [Client 
Component SSR]
    ./node_modules/mysql2/l
ib/promise/pool.js [Client 
Component SSR]
    ./node_modules/mysql2/p
romise.js [Client 
Component SSR]
    ./src/lib/db.ts 
[Client Component SSR]
    
./src/lib/components.ts 
[Client Component SSR]
    ./src/components/WhyCho
oseUs.tsx [Client 
Component SSR]
    ./src/app/oil-boilers/p
age.tsx [Client Component 
SSR]
    ./src/app/oil-boilers/p
age.tsx [Server Component]

https://nextjs.org/docs/mes
sages/module-not-found


./node_modules/mysql2/lib/a
uth_plugins/sha256_password
.js:6:13
Module not found: Can't 
resolve 'tls'
  [90m4 |[0m 
[36mconst[0m crypto = 
require([32m'crypto'[0m);
  [90m5 |[0m 
[36mconst[0m { 
xorRotating } = require([3
2m'../auth_41'[0m);
[31m[1m>[0m [90m6 
|[0m [36mconst[0m 
[33mTls[0m = 
require([32m'tls'[0m);
  [90m  |[0m             
[31m[1m^^^^^^^^^^^^^^[0m
  [90m7 |[0m
  [90m8 |[0m 
[36mconst[0m [33mREQUEST
_SERVER_KEY_PACKET[0m = [
33mBuffer[0m.[36mfrom[0m
([[35m1[0m]);
  [90m9 |[0m



Import traces:
  App Route:
    ./node_modules/mysql2/l
ib/auth_plugins/sha256_pass
word.js
    ./node_modules/mysql2/l
ib/commands/auth_switch.js
    ./node_modules/mysql2/l
ib/commands/client_handshak
e.js
    ./node_modules/mysql2/l
ib/commands/index.js
    ./node_modules/mysql2/l
ib/base/connection.js
    ./node_modules/mysql2/l
ib/base/pool.js
    ./node_modules/mysql2/l
ib/promise/pool.js
    ./node_modules/mysql2/p
romise.js
    ./src/lib/db.ts
    ./src/app/api/admin/sit
e-settings/route.ts

  Server Component:
    ./node_modules/mysql2/l
ib/auth_plugins/sha256_pass
word.js
    ./node_modules/mysql2/l
ib/commands/auth_switch.js
    ./node_modules/mysql2/l
ib/commands/client_handshak
e.js
    ./node_modules/mysql2/l
ib/commands/index.js
    ./node_modules/mysql2/l
ib/base/connection.js
    ./node_modules/mysql2/l
ib/base/pool.js
    ./node_modules/mysql2/l
ib/promise/pool.js
    ./node_modules/mysql2/p
romise.js
    ./src/lib/db.ts
    ./src/lib/site-settings
-server.ts
    ./src/app/layout.tsx

  Client Component Browser:
    ./node_modules/mysql2/l
ib/auth_plugins/sha256_pass
word.js [Client Component 
Browser]
    ./node_modules/mysql2/l
ib/commands/auth_switch.js 
[Client Component Browser]
    ./node_modules/mysql2/l
ib/commands/client_handshak
e.js [Client Component 
Browser]
    ./node_modules/mysql2/l
ib/commands/index.js 
[Client Component Browser]
    ./node_modules/mysql2/l
ib/base/connection.js 
[Client Component Browser]
    ./node_modules/mysql2/l
ib/base/pool.js [Client 
Component Browser]
    ./node_modules/mysql2/l
ib/promise/pool.js [Client 
Component Browser]
    ./node_modules/mysql2/p
romise.js [Client 
Component Browser]
    ./src/lib/db.ts 
[Client Component Browser]
    
./src/lib/components.ts 
[Client Component Browser]
    ./src/components/WhyCho
oseUs.tsx [Client 
Component Browser]
    ./src/app/oil-boilers/p
age.tsx [Client Component 
Browser]
    ./src/app/oil-boilers/p
age.tsx [Server Component]

  Client Component SSR:
    ./node_modules/mysql2/l
ib/auth_plugins/sha256_pass
word.js [Client Component 
SSR]
    ./node_modules/mysql2/l
ib/commands/auth_switch.js 
[Client Component SSR]
    ./node_modules/mysql2/l
ib/commands/client_handshak
e.js [Client Component SSR]
    ./node_modules/mysql2/l
ib/commands/index.js 
[Client Component SSR]
    ./node_modules/mysql2/l
ib/base/connection.js 
[Client Component SSR]
    ./node_modules/mysql2/l
ib/base/pool.js [Client 
Component SSR]
    ./node_modules/mysql2/l
ib/promise/pool.js [Client 
Component SSR]
    ./node_modules/mysql2/p
romise.js [Client 
Component SSR]
    ./src/lib/db.ts 
[Client Component SSR]
    
./src/lib/components.ts 
[Client Component SSR]
    ./src/components/WhyCho
oseUs.tsx [Client 
Component SSR]
    ./src/app/oil-boilers/p
age.tsx [Client Component 
SSR]
    ./src/app/oil-boilers/p
age.tsx [Server Component]

https://nextjs.org/docs/mes
sages/module-not-found


./node_modules/mysql2/lib/b
ase/connection.js:19:13
Module not found: Can't 
resolve 'tls'
  [90m17 |[0m
  [90m18 |[0m 
[36mconst[0m 
[33mNet[0m = 
require([32m'net'[0m);
[31m[1m>[0m [90m19 
|[0m [36mconst[0m 
[33mTls[0m = 
require([32m'tls'[0m);
  [90m   |[0m            
 
[31m[1m^^^^^^^^^^^^^^[0m
  [90m20 |[0m 
[36mconst[0m 
[33mTimers[0m = 
require([32m'timers'[0m);
  [90m21 |[0m 
[36mconst[0m 
[33mEventEmitter[0m = req
uire([32m'events'[0m).[3
3mEventEmitter[0m;
  [90m22 |[0m 
[36mconst[0m 
[33mReadable[0m = require
([32m'stream'[0m).[33mRe
adable[0m;



Import traces:
  App Route:
    ./node_modules/mysql2/l
ib/base/connection.js
    ./node_modules/mysql2/l
ib/base/pool.js
    ./node_modules/mysql2/l
ib/promise/pool.js
    ./node_modules/mysql2/p
romise.js
    ./src/lib/db.ts
    ./src/app/api/admin/sit
e-settings/route.ts

  Server Component:
    ./node_modules/mysql2/l
ib/base/connection.js
    ./node_modules/mysql2/l
ib/base/pool.js
    ./node_modules/mysql2/l
ib/promise/pool.js
    ./node_modules/mysql2/p
romise.js
    ./src/lib/db.ts
    ./src/lib/site-settings
-server.ts
    ./src/app/layout.tsx

  Client Component Browser:
    ./node_modules/mysql2/l
ib/base/connection.js 
[Client Component Browser]
    ./node_modules/mysql2/l
ib/base/pool.js [Client 
Component Browser]
    ./node_modules/mysql2/l
ib/promise/pool.js [Client 
Component Browser]
    ./node_modules/mysql2/p
romise.js [Client 
Component Browser]
    ./src/lib/db.ts 
[Client Component Browser]
    
./src/lib/components.ts 
[Client Component Browser]
    ./src/components/WhyCho
oseUs.tsx [Client 
Component Browser]
    ./src/app/oil-boilers/p
age.tsx [Client Component 
Browser]
    ./src/app/oil-boilers/p
age.tsx [Server Component]

  Client Component SSR:
    ./node_modules/mysql2/l
ib/base/connection.js 
[Client Component SSR]
    ./node_modules/mysql2/l
ib/base/pool.js [Client 
Component SSR]
    ./node_modules/mysql2/l
ib/promise/pool.js [Client 
Component SSR]
    ./node_modules/mysql2/p
romise.js [Client 
Component SSR]
    ./src/lib/db.ts 
[Client Component SSR]
    
./src/lib/components.ts 
[Client Component SSR]
    ./src/components/WhyCho
oseUs.tsx [Client 
Component SSR]
    ./src/app/oil-boilers/p
age.tsx [Client Component 
SSR]
    ./src/app/oil-boilers/p
age.tsx [Server Component]

https://nextjs.org/docs/mes
sages/module-not-found


    at <unknown> (https://n
extjs.org/docs/messages/mod
ule-not-found)
    at <unknown> (https://n
extjs.org/docs/messages/mod
ule-not-found)
    at <unknown> (https://n
extjs.org/docs/messages/mod
ule-not-found)
