src/app/admin/blog/[id]/page.tsx(14,11): error TS1127: Invalid character.
src/app/admin/blog/[id]/page.tsx(33,1): error TS1160: Unterminated template literal.
